// Jest Snapshot v1, https://goo.gl/fbAQLP

exports[`should render EditExpensePage correctly 1`] = `
<div>
  <h1>
    Edit Expenses
  </h1>
  <Connect(ExpenseForm)
    expense={
      Object {
        "amount": 300,
        "createdAt": 86400000000,
        "description": "locks",
        "id": "c87865367ygfdSDXFGC",
        "note": "",
      }
    }
    onSubmit={[Function]}
  />
  <button
    onClick={[Function]}
  >
    Remove
  </button>
</div>
`;
