// Jest Snapshot v1, https://goo.gl/fbAQLP

exports[`Should render ExpenseListItem with data 1`] = `
<Link
  className="list-item"
  to="/edit/avuwxdyqaegjf"
>
  <div>
    <h3
      className="list-item__title"
    >
      books
    </h3>
    <span
      className="list-item__subtitle"
    >
      January 1st, 1970
    </span>
  </div>
  <h3
    className="list-item__data"
  >
    $300.00
  </h3>
</Link>
`;
